# Protocol: NDJSON fixtures on stdin, {id,kind,result} NDJSON on stdout.
# Reference: node reference/will.mjs --adapter   (stdin fixtures; does NOT spawn a foreign argv)
# This host: /tmp/will-host --adapter
# Fixtures: 97 VECTORS.json rows with `expect` stripped.

## this host adapter stdout
{"id":"MD1","kind":"parse","result":{"faulted":false,"faults":[],"regions":[{"index":0,"law":"keep","intent":null,"opener":{"line":0,"byteSpan":[0,21]},"closer":{"line":2,"byteSpan":[44,59]},"governedSpan":[21,44]}]}}
{"id":"MD2","kind":"parse","result":{"faulted":false,"faults":[],"regions":[{"index":0,"law":"edit","intent":"never lose the founding voice","opener":{"line":0,"byteSpan":[0,52]},"closer":{"line":2,"byteSpan":[58,73]},"governedSpan":[52,58]}]}}
{"id":"MD3-emdash","kind":"parse","result":{"faulted":true,"faults":[{"mode":"malformed_marker","line":0,"byteSpan":[0,39]},{"mode":"unpaired_marker","line":2,"byteSpan":[45,60]}],"regions":[]}}
{"id":"MD3-unspaced","kind":"parse","result":{"faulted":true,"faults":[{"mode":"malformed_marker","line":0,"byteSpan":[0,30]},{"mode":"unpaired_marker","line":2,"byteSpan":[36,51]}],"regions":[]}}
{"id":"MD4","kind":"parse","result":{"faulted":false,"faults":[],"regions":[{"index":0,"law":"keep","intent":"the tone: and the voice","opener":{"line":0,"byteSpan":[0,46]},"closer":{"line":2,"byteSpan":[52,67]},"governedSpan":[46,52]}]}}
{"id":"MD5","kind":"parse","result":{"faulted":true,"faults":[{"mode":"unknown_law","line":0,"byteSpan":[0,21]},{"mode":"unpaired_marker","line":2,"byteSpan":[27,42]}],"regions":[]}}
{"id":"MD6","kind":"parse","result":{"faulted":true,"faults":[{"mode":"unknown_version","line":0,"byteSpan":[0,21]},{"mode":"unpaired_marker","line":2,"byteSpan":[27,42]}],"regions":[]}}
{"id":"MD7","kind":"parse","result":{"faulted":true,"faults":[{"mode":"malformed_marker","line":0,"byteSpan":[0,30]},{"mode":"unpaired_marker","line":2,"byteSpan":[36,51]}],"regions":[]}}
{"id":"MD8-unclosed","kind":"parse","result":{"faulted":true,"faults":[{"mode":"unpaired_marker","line":0,"byteSpan":[0,21]}],"regions":[]}}
{"id":"MD8-orphan","kind":"parse","result":{"faulted":true,"faults":[{"mode":"unpaired_marker","line":1,"byteSpan":[6,21]}],"regions":[]}}
{"id":"MD8-interleaved","kind":"parse","result":{"faulted":true,"faults":[{"mode":"unpaired_marker","line":1,"byteSpan":[21,44]},{"mode":"unpaired_marker","line":4,"byteSpan":[65,80]}],"regions":[{"index":0,"law":"keep","intent":null,"opener":{"line":0,"byteSpan":[0,21]},"closer":{"line":3,"byteSpan":[50,65]},"governedSpan":[21,50]}]}}
{"id":"MD9","kind":"parse","result":{"faulted":false,"faults":[],"regions":[{"index":0,"law":"keep","intent":null,"opener":{"line":0,"byteSpan":[0,21]},"closer":{"line":2,"byteSpan":[24,39]},"governedSpan":[21,24]},{"index":1,"law":"append","intent":null,"opener":{"line":3,"byteSpan":[39,62]},"closer":{"line":5,"byteSpan":[65,80]},"governedSpan":[62,65]}]}}
{"id":"MD12-indent-quotes","kind":"parse","result":{"faulted":false,"faults":[],"regions":[]}}
{"id":"MD12-fence-does-not-shield","kind":"parse","result":{"faulted":false,"faults":[],"regions":[{"index":0,"law":"keep","intent":null,"opener":{"line":1,"byteSpan":[4,25]},"closer":{"line":3,"byteSpan":[60,75]},"governedSpan":[25,60]}]}}
{"id":"MD16-paste-governs","kind":"parse","result":{"faulted":false,"faults":[],"regions":[{"index":0,"law":"keep","intent":"travelled here by paste","opener":{"line":1,"byteSpan":[19,65]},"closer":{"line":3,"byteSpan":[86,101]},"governedSpan":[65,86]}]}}
{"id":"MD19-trailing-junk","kind":"parse","result":{"faulted":true,"faults":[{"mode":"malformed_marker","line":0,"byteSpan":[0,26]},{"mode":"unpaired_marker","line":2,"byteSpan":[32,47]}],"regions":[]}}
{"id":"U15-512","kind":"parse","result":{"faulted":false,"faults":[],"regions":[{"index":0,"law":"keep","intent":"xxxxxxxxxxxxxxxxxxxxxxxxxxxxxxxxxxxxxxxxxxxxxxxxxxxxxxxxxxxxxxxxxxxxxxxxxxxxxxxxxxxxxxxxxxxxxxxxxxxxxxxxxxxxxxxxxxxxxxxxxxxxxxxxxxxxxxxxxxxxxxxxxxxxxxxxxxxxxxxxxxxxxxxxxxxxxxxxxxxxxxxxxxxxxxxxxxxxxxxxxxxxxxxxxxxxxxxxxxxxxxxxxxxxxxxxxxxxxxxxxxxxxxxxxxxxxxxxxxxxxxxxxxxxxxxxxxxxxxxxxxxxxxxxxxxxxxxxxxxxxxxxxxxxxxxxxxxxxxxxxxxxxxxxxxxxxxxxxxxxxxxxxxxxxxxxxxxxxxxxxxxxxxxxxxxxxxxxxxxxxxxxxxxxxxxxxxxxxxxxxxxxxxxxxxxxxxxxxxxxxxxxxxxxxxxxxxxxxxxxxxxxxxxxxxxxxxxxxxxxxxxxxxxxxxxxxxxxxxxxxxxxxxxxxxxxxxxxxxxxxxxxxxxxxxxx","opener":{"line":0,"byteSpan":[0,535]},"closer":{"line":2,"byteSpan":[541,556]},"governedSpan":[535,541]}]}}
{"id":"U15-513","kind":"parse","result":{"faulted":true,"faults":[{"mode":"intent_over_bound","line":0,"byteSpan":[0,536]},{"mode":"unpaired_marker","line":2,"byteSpan":[542,557]}],"regions":[]}}
{"id":"U15-512-astral","kind":"parse","result":{"faulted":false,"faults":[],"regions":[{"index":0,"law":"keep","intent":"😀😀😀😀😀😀😀😀😀😀😀😀😀😀😀😀😀😀😀😀😀😀😀😀😀😀😀😀😀😀😀😀😀😀😀😀😀😀😀😀😀😀😀😀😀😀😀😀😀😀😀😀😀😀😀😀😀😀😀😀😀😀😀😀😀😀😀😀😀😀😀😀😀😀😀😀😀😀😀😀😀😀😀😀😀😀😀😀😀😀😀😀😀😀😀😀😀😀😀😀😀😀😀😀😀😀😀😀😀😀😀😀😀😀😀😀😀😀😀😀😀😀😀😀😀😀😀😀😀😀😀😀😀😀😀😀😀😀😀😀😀😀😀😀😀😀😀😀😀😀😀😀😀😀😀😀😀😀😀😀😀😀😀😀😀😀😀😀😀😀😀😀😀😀😀😀😀😀😀😀😀😀😀😀😀😀😀😀😀😀😀😀😀😀😀😀😀😀😀😀😀😀😀😀😀😀😀😀😀😀😀😀😀😀😀😀😀😀😀😀😀😀😀😀😀😀😀😀😀😀😀😀😀😀😀😀😀😀😀😀😀😀😀😀😀😀😀😀😀😀😀😀😀😀😀😀😀😀😀😀😀😀😀😀😀😀😀😀😀😀😀😀😀😀😀😀😀😀😀😀😀😀😀😀😀😀😀😀😀😀😀😀😀😀😀😀😀😀😀😀😀😀😀😀😀😀😀😀😀😀😀😀😀😀😀😀😀😀😀😀😀😀😀😀😀😀😀😀😀😀😀😀😀😀😀😀😀😀😀😀😀😀😀😀😀😀😀😀😀😀😀😀😀😀😀😀😀😀😀😀😀😀😀😀😀😀😀😀😀😀😀😀😀😀😀😀😀😀😀😀😀😀😀😀😀😀😀😀😀😀😀😀😀😀😀😀😀😀😀😀😀😀😀😀😀😀😀😀😀😀😀😀😀😀😀😀😀😀😀😀😀😀😀😀😀😀😀😀😀😀😀😀😀😀😀😀😀😀😀😀😀😀😀😀😀😀😀😀😀😀😀😀😀😀😀😀😀😀😀😀😀😀😀😀😀😀😀😀😀😀😀😀😀😀😀😀😀😀😀😀😀😀😀😀😀😀😀😀😀😀😀😀😀😀😀😀😀😀😀😀😀😀😀😀😀😀😀😀😀😀😀😀","opener":{"line":0,"byteSpan":[0,2071]},"closer":{"line":2,"byteSpan":[2077,2092]},"governedSpan":[2071,2077]}]}}
{"id":"U15-513-astral","kind":"parse","result":{"faulted":true,"faults":[{"mode":"intent_over_bound","line":0,"byteSpan":[0,2075]},{"mode":"unpaired_marker","line":2,"byteSpan":[2081,2096]}],"regions":[]}}
{"id":"AUDIT-TRAIL-SPACE","kind":"parse","result":{"faulted":true,"faults":[{"mode":"malformed_marker","line":0,"byteSpan":[0,24]},{"mode":"unpaired_marker","line":2,"byteSpan":[30,45]}],"regions":[]}}
{"id":"AUDIT-NBSP-PREFIX","kind":"parse","result":{"faulted":true,"faults":[{"mode":"unpaired_marker","line":2,"byteSpan":[29,44]}],"regions":[]}}
{"id":"AUDIT-WILLING-PROSE-1","kind":"parse","result":{"faulted":false,"faults":[],"regions":[]}}
{"id":"AUDIT-WILLING-PROSE-2","kind":"parse","result":{"faulted":false,"faults":[],"regions":[]}}
{"id":"AUDIT-EMPTY-INTENT","kind":"parse","result":{"faulted":true,"faults":[{"mode":"malformed_marker","line":0,"byteSpan":[0,23]},{"mode":"unpaired_marker","line":2,"byteSpan":[29,44]}],"regions":[]}}
{"id":"MD21-INTENT-DASHDASH","kind":"parse","result":{"faulted":true,"faults":[{"mode":"malformed_marker","line":0,"byteSpan":[0,34]},{"mode":"unpaired_marker","line":2,"byteSpan":[40,55]}],"regions":[]}}
{"id":"AUDIT-INVALID-UTF8","kind":"parse","result":{"faulted":true,"faults":[{"mode":"invalid_utf8","line":null,"byteSpan":[1,2]}],"regions":[]}}
{"id":"AUDIT-UTF16-BOM","kind":"parse","result":{"faulted":true,"faults":[{"mode":"invalid_utf8","line":null,"byteSpan":[0,1]}],"regions":[]}}
{"id":"AUDIT-LONE-SURROGATE","kind":"parse","result":{"faulted":true,"faults":[{"mode":"invalid_utf8","line":null,"byteSpan":[2,5]}],"regions":[]}}
{"id":"AUDIT-BOM-PREFIX","kind":"parse","result":{"faulted":true,"faults":[{"mode":"unpaired_marker","line":2,"byteSpan":[30,45]}],"regions":[]}}
{"id":"AUDIT-MIXED-EOL","kind":"parse","result":{"faulted":false,"faults":[],"regions":[{"index":0,"law":"keep","intent":null,"opener":{"line":0,"byteSpan":[0,22]},"closer":{"line":2,"byteSpan":[25,41]},"governedSpan":[22,25]},{"index":1,"law":"append","intent":null,"opener":{"line":3,"byteSpan":[41,64]},"closer":{"line":5,"byteSpan":[66,81]},"governedSpan":[64,66]}]}}
{"id":"AUDIT-FAULT-MULTIPLICITY","kind":"parse","result":{"faulted":true,"faults":[{"mode":"unpaired_marker","line":0,"byteSpan":[0,15]},{"mode":"unpaired_marker","line":1,"byteSpan":[15,30]}],"regions":[]}}
{"id":"PARSE-FAULT-PRECEDENCE-VERSION","kind":"parse","result":{"faulted":true,"faults":[{"mode":"unknown_version","line":0,"byteSpan":[0,24]},{"mode":"unpaired_marker","line":2,"byteSpan":[30,45]}],"regions":[]}}
{"id":"PARSE-FAULT-PRECEDENCE-LAW","kind":"parse","result":{"faulted":true,"faults":[{"mode":"unknown_law","line":0,"byteSpan":[0,624]},{"mode":"unpaired_marker","line":2,"byteSpan":[630,645]}],"regions":[]}}
{"id":"PARSE-INVALID-UTF8-TWO-SEQUENCES-FIRST-WINS","kind":"parse","result":{"faulted":true,"faults":[{"mode":"invalid_utf8","line":null,"byteSpan":[1,2]}],"regions":[]}}
{"id":"AUDIT-FAULT-ORDER-OPENER-THEN-BAD-CLOSER","kind":"parse","result":{"faulted":true,"faults":[{"mode":"unpaired_marker","line":0,"byteSpan":[0,21]},{"mode":"malformed_marker","line":2,"byteSpan":[27,48]}],"regions":[]}}
{"id":"AUDIT-UNSPACED-BOTH","kind":"parse","result":{"faulted":true,"faults":[{"mode":"malformed_marker","line":0,"byteSpan":[0,20]},{"mode":"malformed_marker","line":2,"byteSpan":[26,40]}],"regions":[]}}
{"id":"AUDIT-UNSPACED-OPENER-ONLY","kind":"parse","result":{"faulted":true,"faults":[{"mode":"malformed_marker","line":0,"byteSpan":[0,20]},{"mode":"unpaired_marker","line":2,"byteSpan":[26,41]}],"regions":[]}}
{"id":"AUDIT-UNSPACED-CLOSER-ONLY","kind":"parse","result":{"faulted":true,"faults":[{"mode":"unpaired_marker","line":0,"byteSpan":[0,21]},{"mode":"malformed_marker","line":2,"byteSpan":[27,41]}],"regions":[]}}
{"id":"AUDIT-INDENT-ONE-SIDE-OPENER","kind":"parse","result":{"faulted":true,"faults":[{"mode":"unpaired_marker","line":2,"byteSpan":[28,43]}],"regions":[]}}
{"id":"AUDIT-INDENT-ONE-SIDE-CLOSER","kind":"parse","result":{"faulted":true,"faults":[{"mode":"unpaired_marker","line":0,"byteSpan":[0,21]}],"regions":[]}}
{"id":"AUDIT-BOTH-INDENTED-QUOTED","kind":"parse","result":{"faulted":false,"faults":[],"regions":[]}}
{"id":"AUDIT-SINGLE-SPACE-INTENT-EATEN","kind":"parse","result":{"faulted":true,"faults":[{"mode":"malformed_marker","line":0,"byteSpan":[0,22]},{"mode":"unpaired_marker","line":2,"byteSpan":[28,43]}],"regions":[]}}
{"id":"AUDIT-UTF8-BEFORE-MARKER","kind":"parse","result":{"faulted":false,"faults":[],"regions":[{"index":0,"law":"keep","intent":null,"opener":{"line":1,"byteSpan":[11,32]},"closer":{"line":3,"byteSpan":[38,53]},"governedSpan":[32,38]}]}}
{"id":"AUDIT-UTF8-INSIDE-GOVERNED","kind":"parse","result":{"faulted":false,"faults":[],"regions":[{"index":0,"law":"keep","intent":null,"opener":{"line":0,"byteSpan":[0,21]},"closer":{"line":2,"byteSpan":[32,47]},"governedSpan":[21,32]}]}}
{"id":"AUDIT-UTF8-INSIDE-INTENT","kind":"parse","result":{"faulted":false,"faults":[],"regions":[{"index":0,"law":"keep","intent":"漢字テスト","opener":{"line":0,"byteSpan":[0,38]},"closer":{"line":2,"byteSpan":[44,59]},"governedSpan":[38,44]}]}}
{"id":"U1","kind":"evaluate","result":{"outcome":"refused","reason":"document_law","rule":"law_violated","region":0,"law":"keep"}}
{"id":"U2","kind":"evaluate","result":{"outcome":"applied"}}
{"id":"U3","kind":"evaluate","result":{"outcome":"applied"}}
{"id":"U4","kind":"evaluate","result":{"outcome":"refused","reason":"document_law","rule":"law_violated","region":0,"law":"append"}}
{"id":"U5","kind":"evaluate","result":{"outcome":"refused","reason":"document_law","rule":"law_violated","region":0,"law":"append"}}
{"id":"U6","kind":"evaluate","result":{"outcome":"applied"}}
{"id":"U7-create","kind":"evaluate","result":{"outcome":"refused","reason":"document_law","rule":"marker_sequence_mismatch"}}
{"id":"U7-remove","kind":"evaluate","result":{"outcome":"refused","reason":"document_law","rule":"marker_span_touched","region":0,"law":"keep"}}
{"id":"U7-reword-intent","kind":"evaluate","result":{"outcome":"refused","reason":"document_law","rule":"marker_span_touched","region":0,"law":"keep"}}
{"id":"U8","kind":"evaluate","result":{"outcome":"refused","reason":"document_law","rule":"law_violated","region":1,"law":"keep"}}
{"id":"U10","kind":"evaluate","result":{"outcome":"applied"}}
{"id":"U12","kind":"evaluate","result":{"outcome":"refused","reason":"document_law","rule":"law_violated","region":0,"law":"keep"}}
{"id":"MD13-fence-add-is-harmless","kind":"evaluate","result":{"outcome":"applied"}}
{"id":"MD13-kept-still-kept-behind-fence","kind":"evaluate","result":{"outcome":"refused","reason":"document_law","rule":"law_violated","region":0,"law":"keep"}}
{"id":"AUDIT-APPEND-GROW-LASTLINE","kind":"evaluate","result":{"outcome":"applied"}}
{"id":"AUDIT-APPEND-TRAILING-WS-DELETE","kind":"evaluate","result":{"outcome":"refused","reason":"document_law","rule":"law_violated","region":0,"law":"append"}}
{"id":"AUDIT-CRLF-TO-LF-IN-KEEP","kind":"evaluate","result":{"outcome":"refused","reason":"document_law","rule":"law_violated","region":0,"law":"keep"}}
{"id":"AUDIT-MOVE-PAIR","kind":"evaluate","result":{"outcome":"refused","reason":"document_law","rule":"marker_span_touched","region":0,"law":"keep"}}
{"id":"AUDIT-INSERT-BEFORE-OPENER-LEGAL","kind":"evaluate","result":{"outcome":"applied"}}
{"id":"AUDIT-INSERT-INTO-OPENER-REFUSED","kind":"evaluate","result":{"outcome":"refused","reason":"document_law","rule":"marker_span_touched","region":0,"law":"keep"}}
{"id":"AUDIT-IDENTICAL-REWRITE-REFUSED","kind":"evaluate","result":{"outcome":"refused","reason":"document_law","rule":"marker_span_touched","region":0,"law":"keep"}}
{"id":"AUDIT-TWO-MARKERS-TOUCHED-FIRST-NAMED","kind":"evaluate","result":{"outcome":"refused","reason":"document_law","rule":"marker_span_touched","region":0,"law":"append"}}
{"id":"AUDIT-MULTISPLICE-MARKERS-DOCUMENT-ORDER","kind":"evaluate","result":{"outcome":"refused","reason":"document_law","rule":"marker_span_touched","region":0,"law":"append"}}
{"id":"AUDIT-AUTHORING-BYPASSES-ALL","kind":"evaluate","result":{"outcome":"applied"}}
{"id":"AUDIT-FAULTED-BEFORE-EMPTY-SPLICES-APPLIED","kind":"evaluate","result":{"outcome":"applied"}}
{"id":"AUDIT-FAULTED-BEFORE-WITH-SPLICE-REFUSED","kind":"evaluate","result":{"outcome":"refused","reason":"document_law","rule":"before_faulted","faults":[{"mode":"unpaired_marker","line":0,"byteSpan":[0,21]}]}}
{"id":"AUDIT-INVALID-UTF8-EVALUATE","kind":"evaluate","result":{"outcome":"refused","reason":"document_law","rule":"before_faulted","faults":[{"mode":"invalid_utf8","line":null,"byteSpan":[1,2]}]}}
{"id":"EVAL-INVALID-UTF8-INTRODUCED-BY-SPLICE","kind":"evaluate","result":{"outcome":"refused","reason":"document_law","rule":"result_faulted","faults":[{"mode":"invalid_utf8","line":null,"byteSpan":[21,22]}]}}
{"id":"EVAL-PRECOND-MALFORMED-SPLICE","kind":"evaluate","result":{"outcome":"invalid","reason":"precondition","rule":"malformed_splice"}}
{"id":"EVAL-PRECOND-MALFORMED-SPLICE-AUTHORING","kind":"evaluate","result":{"outcome":"invalid","reason":"precondition","rule":"malformed_splice"}}
{"id":"EVAL-PRECOND-SPLICES-NOT-A-LIST","kind":"evaluate","result":{"outcome":"invalid","reason":"precondition","rule":"malformed_splice"}}
{"id":"EVAL-PRECOND-OUT-OF-RANGE-SPLICE","kind":"evaluate","result":{"outcome":"invalid","reason":"precondition","rule":"out_of_range_splice"}}
{"id":"EVAL-PRECOND-OVERLAPPING-SPLICES","kind":"evaluate","result":{"outcome":"invalid","reason":"precondition","rule":"overlapping_splices"}}
{"id":"EVAL-PRECOND-SAME-OFFSET-SPLICES","kind":"evaluate","result":{"outcome":"invalid","reason":"precondition","rule":"overlapping_splices"}}
{"id":"EVAL-PRECOND-UNKNOWN-PATH","kind":"evaluate","result":{"outcome":"invalid","reason":"precondition","rule":"unknown_path"}}
{"id":"EVAL-NEAR-MISS-EDITED-INTO-MARKER-REFUSED","kind":"evaluate","result":{"outcome":"refused","reason":"document_law","rule":"marker_sequence_mismatch"}}
{"id":"EVAL-APPEND-EMPTY-REGION-GROWS","kind":"evaluate","result":{"outcome":"applied"}}
{"id":"AUDIT-BROAD-NARROW-PAIR-NARROW","kind":"evaluate","result":{"outcome":"applied"}}
{"id":"AUDIT-BROAD-NARROW-PAIR-BROAD","kind":"evaluate","result":{"outcome":"refused","reason":"document_law","rule":"marker_span_touched","region":0,"law":"keep"}}
{"id":"EVAL-PRECOND-INSERT-FALSE","kind":"evaluate","result":{"outcome":"invalid","reason":"precondition","rule":"malformed_splice"}}
{"id":"EVAL-PRECOND-INSERT-ZERO","kind":"evaluate","result":{"outcome":"invalid","reason":"precondition","rule":"malformed_splice"}}
{"id":"EVAL-PRECOND-INSERT-OBJECT","kind":"evaluate","result":{"outcome":"invalid","reason":"precondition","rule":"malformed_splice"}}
{"id":"EVAL-PRECOND-INSERT-MISSING","kind":"evaluate","result":{"outcome":"invalid","reason":"precondition","rule":"malformed_splice"}}
{"id":"EVAL-PRECOND-INSERT-NULL","kind":"evaluate","result":{"outcome":"invalid","reason":"precondition","rule":"malformed_splice"}}
{"id":"AUDIT-APPEND-CRLF-LASTLINE-APPLIED","kind":"evaluate","result":{"outcome":"applied"}}
{"id":"AUDIT-KEEP-CRLF-LASTLINE-REFUSED","kind":"evaluate","result":{"outcome":"refused","reason":"document_law","rule":"law_violated","region":0,"law":"keep"}}
{"id":"EVAL-UTF8-SPLICE-AFTER-MULTIBYTE-APPLIED","kind":"evaluate","result":{"outcome":"applied"}}
{"id":"EVAL-UTF8-SPLICE-AFTER-MULTIBYTE-MARKER-TOUCHED","kind":"evaluate","result":{"outcome":"refused","reason":"document_law","rule":"marker_span_touched","region":0,"law":"edit"}}
{"id":"EVAL-PRECOND-NULL-SPLICE-ELEMENT","kind":"evaluate","result":{"outcome":"invalid","reason":"precondition","rule":"malformed_splice"}}
{"id":"PARSE-FAULT-MISSING-LAW-WORD","kind":"parse","result":{"faulted":true,"faults":[{"mode":"malformed_marker","line":0,"byteSpan":[0,20]},{"mode":"unpaired_marker","line":2,"byteSpan":[26,41]}],"regions":[]}}
{"id":"PARSE-FAULT-PRECEDENCE-VERSION-BARE","kind":"parse","result":{"faulted":true,"faults":[{"mode":"unknown_version","line":0,"byteSpan":[0,16]},{"mode":"unpaired_marker","line":2,"byteSpan":[22,37]}],"regions":[]}}

## reference adapter stdout
{"id":"MD1","kind":"parse","result":{"regions":[{"index":0,"law":"keep","intent":null,"opener":{"line":0,"byteSpan":[0,21]},"closer":{"line":2,"byteSpan":[44,59]},"governedSpan":[21,44]}],"faults":[],"faulted":false}}
{"id":"MD2","kind":"parse","result":{"regions":[{"index":0,"law":"edit","intent":"never lose the founding voice","opener":{"line":0,"byteSpan":[0,52]},"closer":{"line":2,"byteSpan":[58,73]},"governedSpan":[52,58]}],"faults":[],"faulted":false}}
{"id":"MD3-emdash","kind":"parse","result":{"regions":[],"faults":[{"mode":"malformed_marker","line":0,"byteSpan":[0,39]},{"mode":"unpaired_marker","line":2,"byteSpan":[45,60]}],"faulted":true}}
{"id":"MD3-unspaced","kind":"parse","result":{"regions":[],"faults":[{"mode":"malformed_marker","line":0,"byteSpan":[0,30]},{"mode":"unpaired_marker","line":2,"byteSpan":[36,51]}],"faulted":true}}
{"id":"MD4","kind":"parse","result":{"regions":[{"index":0,"law":"keep","intent":"the tone: and the voice","opener":{"line":0,"byteSpan":[0,46]},"closer":{"line":2,"byteSpan":[52,67]},"governedSpan":[46,52]}],"faults":[],"faulted":false}}
{"id":"MD5","kind":"parse","result":{"regions":[],"faults":[{"mode":"unknown_law","line":0,"byteSpan":[0,21]},{"mode":"unpaired_marker","line":2,"byteSpan":[27,42]}],"faulted":true}}
{"id":"MD6","kind":"parse","result":{"regions":[],"faults":[{"mode":"unknown_version","line":0,"byteSpan":[0,21]},{"mode":"unpaired_marker","line":2,"byteSpan":[27,42]}],"faulted":true}}
{"id":"MD7","kind":"parse","result":{"regions":[],"faults":[{"mode":"malformed_marker","line":0,"byteSpan":[0,30]},{"mode":"unpaired_marker","line":2,"byteSpan":[36,51]}],"faulted":true}}
{"id":"MD8-unclosed","kind":"parse","result":{"regions":[],"faults":[{"mode":"unpaired_marker","line":0,"byteSpan":[0,21]}],"faulted":true}}
{"id":"MD8-orphan","kind":"parse","result":{"regions":[],"faults":[{"mode":"unpaired_marker","line":1,"byteSpan":[6,21]}],"faulted":true}}
{"id":"MD8-interleaved","kind":"parse","result":{"regions":[{"index":0,"law":"keep","intent":null,"opener":{"line":0,"byteSpan":[0,21]},"closer":{"line":3,"byteSpan":[50,65]},"governedSpan":[21,50]}],"faults":[{"mode":"unpaired_marker","line":1,"byteSpan":[21,44]},{"mode":"unpaired_marker","line":4,"byteSpan":[65,80]}],"faulted":true}}
{"id":"MD9","kind":"parse","result":{"regions":[{"index":0,"law":"keep","intent":null,"opener":{"line":0,"byteSpan":[0,21]},"closer":{"line":2,"byteSpan":[24,39]},"governedSpan":[21,24]},{"index":1,"law":"append","intent":null,"opener":{"line":3,"byteSpan":[39,62]},"closer":{"line":5,"byteSpan":[65,80]},"governedSpan":[62,65]}],"faults":[],"faulted":false}}
{"id":"MD12-indent-quotes","kind":"parse","result":{"regions":[],"faults":[],"faulted":false}}
{"id":"MD12-fence-does-not-shield","kind":"parse","result":{"regions":[{"index":0,"law":"keep","intent":null,"opener":{"line":1,"byteSpan":[4,25]},"closer":{"line":3,"byteSpan":[60,75]},"governedSpan":[25,60]}],"faults":[],"faulted":false}}
{"id":"MD16-paste-governs","kind":"parse","result":{"regions":[{"index":0,"law":"keep","intent":"travelled here by paste","opener":{"line":1,"byteSpan":[19,65]},"closer":{"line":3,"byteSpan":[86,101]},"governedSpan":[65,86]}],"faults":[],"faulted":false}}
{"id":"MD19-trailing-junk","kind":"parse","result":{"regions":[],"faults":[{"mode":"malformed_marker","line":0,"byteSpan":[0,26]},{"mode":"unpaired_marker","line":2,"byteSpan":[32,47]}],"faulted":true}}
{"id":"U15-512","kind":"parse","result":{"regions":[{"index":0,"law":"keep","intent":"xxxxxxxxxxxxxxxxxxxxxxxxxxxxxxxxxxxxxxxxxxxxxxxxxxxxxxxxxxxxxxxxxxxxxxxxxxxxxxxxxxxxxxxxxxxxxxxxxxxxxxxxxxxxxxxxxxxxxxxxxxxxxxxxxxxxxxxxxxxxxxxxxxxxxxxxxxxxxxxxxxxxxxxxxxxxxxxxxxxxxxxxxxxxxxxxxxxxxxxxxxxxxxxxxxxxxxxxxxxxxxxxxxxxxxxxxxxxxxxxxxxxxxxxxxxxxxxxxxxxxxxxxxxxxxxxxxxxxxxxxxxxxxxxxxxxxxxxxxxxxxxxxxxxxxxxxxxxxxxxxxxxxxxxxxxxxxxxxxxxxxxxxxxxxxxxxxxxxxxxxxxxxxxxxxxxxxxxxxxxxxxxxxxxxxxxxxxxxxxxxxxxxxxxxxxxxxxxxxxxxxxxxxxxxxxxxxxxxxxxxxxxxxxxxxxxxxxxxxxxxxxxxxxxxxxxxxxxxxxxxxxxxxxxxxxxxxxxxxxxxxxxxxxxxxxx","opener":{"line":0,"byteSpan":[0,535]},"closer":{"line":2,"byteSpan":[541,556]},"governedSpan":[535,541]}],"faults":[],"faulted":false}}
{"id":"U15-513","kind":"parse","result":{"regions":[],"faults":[{"mode":"intent_over_bound","line":0,"byteSpan":[0,536]},{"mode":"unpaired_marker","line":2,"byteSpan":[542,557]}],"faulted":true}}
{"id":"U15-512-astral","kind":"parse","result":{"regions":[{"index":0,"law":"keep","intent":"😀😀😀😀😀😀😀😀😀😀😀😀😀😀😀😀😀😀😀😀😀😀😀😀😀😀😀😀😀😀😀😀😀😀😀😀😀😀😀😀😀😀😀😀😀😀😀😀😀😀😀😀😀😀😀😀😀😀😀😀😀😀😀😀😀😀😀😀😀😀😀😀😀😀😀😀😀😀😀😀😀😀😀😀😀😀😀😀😀😀😀😀😀😀😀😀😀😀😀😀😀😀😀😀😀😀😀😀😀😀😀😀😀😀😀😀😀😀😀😀😀😀😀😀😀😀😀😀😀😀😀😀😀😀😀😀😀😀😀😀😀😀😀😀😀😀😀😀😀😀😀😀😀😀😀😀😀😀😀😀😀😀😀😀😀😀😀😀😀😀😀😀😀😀😀😀😀😀😀😀😀😀😀😀😀😀😀😀😀😀😀😀😀😀😀😀😀😀😀😀😀😀😀😀😀😀😀😀😀😀😀😀😀😀😀😀😀😀😀😀😀😀😀😀😀😀😀😀😀😀😀😀😀😀😀😀😀😀😀😀😀😀😀😀😀😀😀😀😀😀😀😀😀😀😀😀😀😀😀😀😀😀😀😀😀😀😀😀😀😀😀😀😀😀😀😀😀😀😀😀😀😀😀😀😀😀😀😀😀😀😀😀😀😀😀😀😀😀😀😀😀😀😀😀😀😀😀😀😀😀😀😀😀😀😀😀😀😀😀😀😀😀😀😀😀😀😀😀😀😀😀😀😀😀😀😀😀😀😀😀😀😀😀😀😀😀😀😀😀😀😀😀😀😀😀😀😀😀😀😀😀😀😀😀😀😀😀😀😀😀😀😀😀😀😀😀😀😀😀😀😀😀😀😀😀😀😀😀😀😀😀😀😀😀😀😀😀😀😀😀😀😀😀😀😀😀😀😀😀😀😀😀😀😀😀😀😀😀😀😀😀😀😀😀😀😀😀😀😀😀😀😀😀😀😀😀😀😀😀😀😀😀😀😀😀😀😀😀😀😀😀😀😀😀😀😀😀😀😀😀😀😀😀😀😀😀😀😀😀😀😀😀😀😀😀😀😀😀😀😀😀😀😀😀😀😀😀😀😀😀😀😀😀😀😀😀😀😀😀😀😀😀😀😀😀😀😀😀😀😀😀😀","opener":{"line":0,"byteSpan":[0,2071]},"closer":{"line":2,"byteSpan":[2077,2092]},"governedSpan":[2071,2077]}],"faults":[],"faulted":false}}
{"id":"U15-513-astral","kind":"parse","result":{"regions":[],"faults":[{"mode":"intent_over_bound","line":0,"byteSpan":[0,2075]},{"mode":"unpaired_marker","line":2,"byteSpan":[2081,2096]}],"faulted":true}}
{"id":"AUDIT-TRAIL-SPACE","kind":"parse","result":{"regions":[],"faults":[{"mode":"malformed_marker","line":0,"byteSpan":[0,24]},{"mode":"unpaired_marker","line":2,"byteSpan":[30,45]}],"faulted":true}}
{"id":"AUDIT-NBSP-PREFIX","kind":"parse","result":{"regions":[],"faults":[{"mode":"unpaired_marker","line":2,"byteSpan":[29,44]}],"faulted":true}}
{"id":"AUDIT-WILLING-PROSE-1","kind":"parse","result":{"regions":[],"faults":[],"faulted":false}}
{"id":"AUDIT-WILLING-PROSE-2","kind":"parse","result":{"regions":[],"faults":[],"faulted":false}}
{"id":"AUDIT-EMPTY-INTENT","kind":"parse","result":{"regions":[],"faults":[{"mode":"malformed_marker","line":0,"byteSpan":[0,23]},{"mode":"unpaired_marker","line":2,"byteSpan":[29,44]}],"faulted":true}}
{"id":"MD21-INTENT-DASHDASH","kind":"parse","result":{"regions":[],"faults":[{"mode":"malformed_marker","line":0,"byteSpan":[0,34]},{"mode":"unpaired_marker","line":2,"byteSpan":[40,55]}],"faulted":true}}
{"id":"AUDIT-INVALID-UTF8","kind":"parse","result":{"regions":[],"faults":[{"mode":"invalid_utf8","line":null,"byteSpan":[1,2]}],"faulted":true}}
{"id":"AUDIT-UTF16-BOM","kind":"parse","result":{"regions":[],"faults":[{"mode":"invalid_utf8","line":null,"byteSpan":[0,1]}],"faulted":true}}
{"id":"AUDIT-LONE-SURROGATE","kind":"parse","result":{"regions":[],"faults":[{"mode":"invalid_utf8","line":null,"byteSpan":[2,5]}],"faulted":true}}
{"id":"AUDIT-BOM-PREFIX","kind":"parse","result":{"regions":[],"faults":[{"mode":"unpaired_marker","line":2,"byteSpan":[30,45]}],"faulted":true}}
{"id":"AUDIT-MIXED-EOL","kind":"parse","result":{"regions":[{"index":0,"law":"keep","intent":null,"opener":{"line":0,"byteSpan":[0,22]},"closer":{"line":2,"byteSpan":[25,41]},"governedSpan":[22,25]},{"index":1,"law":"append","intent":null,"opener":{"line":3,"byteSpan":[41,64]},"closer":{"line":5,"byteSpan":[66,81]},"governedSpan":[64,66]}],"faults":[],"faulted":false}}
{"id":"AUDIT-FAULT-MULTIPLICITY","kind":"parse","result":{"regions":[],"faults":[{"mode":"unpaired_marker","line":0,"byteSpan":[0,15]},{"mode":"unpaired_marker","line":1,"byteSpan":[15,30]}],"faulted":true}}
{"id":"PARSE-FAULT-PRECEDENCE-VERSION","kind":"parse","result":{"regions":[],"faults":[{"mode":"unknown_version","line":0,"byteSpan":[0,24]},{"mode":"unpaired_marker","line":2,"byteSpan":[30,45]}],"faulted":true}}
{"id":"PARSE-FAULT-PRECEDENCE-LAW","kind":"parse","result":{"regions":[],"faults":[{"mode":"unknown_law","line":0,"byteSpan":[0,624]},{"mode":"unpaired_marker","line":2,"byteSpan":[630,645]}],"faulted":true}}
{"id":"PARSE-INVALID-UTF8-TWO-SEQUENCES-FIRST-WINS","kind":"parse","result":{"regions":[],"faults":[{"mode":"invalid_utf8","line":null,"byteSpan":[1,2]}],"faulted":true}}
{"id":"AUDIT-FAULT-ORDER-OPENER-THEN-BAD-CLOSER","kind":"parse","result":{"regions":[],"faults":[{"mode":"unpaired_marker","line":0,"byteSpan":[0,21]},{"mode":"malformed_marker","line":2,"byteSpan":[27,48]}],"faulted":true}}
{"id":"AUDIT-UNSPACED-BOTH","kind":"parse","result":{"regions":[],"faults":[{"mode":"malformed_marker","line":0,"byteSpan":[0,20]},{"mode":"malformed_marker","line":2,"byteSpan":[26,40]}],"faulted":true}}
{"id":"AUDIT-UNSPACED-OPENER-ONLY","kind":"parse","result":{"regions":[],"faults":[{"mode":"malformed_marker","line":0,"byteSpan":[0,20]},{"mode":"unpaired_marker","line":2,"byteSpan":[26,41]}],"faulted":true}}
{"id":"AUDIT-UNSPACED-CLOSER-ONLY","kind":"parse","result":{"regions":[],"faults":[{"mode":"unpaired_marker","line":0,"byteSpan":[0,21]},{"mode":"malformed_marker","line":2,"byteSpan":[27,41]}],"faulted":true}}
{"id":"AUDIT-INDENT-ONE-SIDE-OPENER","kind":"parse","result":{"regions":[],"faults":[{"mode":"unpaired_marker","line":2,"byteSpan":[28,43]}],"faulted":true}}
{"id":"AUDIT-INDENT-ONE-SIDE-CLOSER","kind":"parse","result":{"regions":[],"faults":[{"mode":"unpaired_marker","line":0,"byteSpan":[0,21]}],"faulted":true}}
{"id":"AUDIT-BOTH-INDENTED-QUOTED","kind":"parse","result":{"regions":[],"faults":[],"faulted":false}}
{"id":"AUDIT-SINGLE-SPACE-INTENT-EATEN","kind":"parse","result":{"regions":[],"faults":[{"mode":"malformed_marker","line":0,"byteSpan":[0,22]},{"mode":"unpaired_marker","line":2,"byteSpan":[28,43]}],"faulted":true}}
{"id":"AUDIT-UTF8-BEFORE-MARKER","kind":"parse","result":{"regions":[{"index":0,"law":"keep","intent":null,"opener":{"line":1,"byteSpan":[11,32]},"closer":{"line":3,"byteSpan":[38,53]},"governedSpan":[32,38]}],"faults":[],"faulted":false}}
{"id":"AUDIT-UTF8-INSIDE-GOVERNED","kind":"parse","result":{"regions":[{"index":0,"law":"keep","intent":null,"opener":{"line":0,"byteSpan":[0,21]},"closer":{"line":2,"byteSpan":[32,47]},"governedSpan":[21,32]}],"faults":[],"faulted":false}}
{"id":"AUDIT-UTF8-INSIDE-INTENT","kind":"parse","result":{"regions":[{"index":0,"law":"keep","intent":"漢字テスト","opener":{"line":0,"byteSpan":[0,38]},"closer":{"line":2,"byteSpan":[44,59]},"governedSpan":[38,44]}],"faults":[],"faulted":false}}
{"id":"U1","kind":"evaluate","result":{"outcome":"refused","reason":"document_law","rule":"law_violated","region":0,"law":"keep"}}
{"id":"U2","kind":"evaluate","result":{"outcome":"applied"}}
{"id":"U3","kind":"evaluate","result":{"outcome":"applied"}}
{"id":"U4","kind":"evaluate","result":{"outcome":"refused","reason":"document_law","rule":"law_violated","region":0,"law":"append"}}
{"id":"U5","kind":"evaluate","result":{"outcome":"refused","reason":"document_law","rule":"law_violated","region":0,"law":"append"}}
{"id":"U6","kind":"evaluate","result":{"outcome":"applied"}}
{"id":"U7-create","kind":"evaluate","result":{"outcome":"refused","reason":"document_law","rule":"marker_sequence_mismatch"}}
{"id":"U7-remove","kind":"evaluate","result":{"outcome":"refused","reason":"document_law","rule":"marker_span_touched","region":0,"law":"keep"}}
{"id":"U7-reword-intent","kind":"evaluate","result":{"outcome":"refused","reason":"document_law","rule":"marker_span_touched","region":0,"law":"keep"}}
{"id":"U8","kind":"evaluate","result":{"outcome":"refused","reason":"document_law","rule":"law_violated","region":1,"law":"keep"}}
{"id":"U10","kind":"evaluate","result":{"outcome":"applied"}}
{"id":"U12","kind":"evaluate","result":{"outcome":"refused","reason":"document_law","rule":"law_violated","region":0,"law":"keep"}}
{"id":"MD13-fence-add-is-harmless","kind":"evaluate","result":{"outcome":"applied"}}
{"id":"MD13-kept-still-kept-behind-fence","kind":"evaluate","result":{"outcome":"refused","reason":"document_law","rule":"law_violated","region":0,"law":"keep"}}
{"id":"AUDIT-APPEND-GROW-LASTLINE","kind":"evaluate","result":{"outcome":"applied"}}
{"id":"AUDIT-APPEND-TRAILING-WS-DELETE","kind":"evaluate","result":{"outcome":"refused","reason":"document_law","rule":"law_violated","region":0,"law":"append"}}
{"id":"AUDIT-CRLF-TO-LF-IN-KEEP","kind":"evaluate","result":{"outcome":"refused","reason":"document_law","rule":"law_violated","region":0,"law":"keep"}}
{"id":"AUDIT-MOVE-PAIR","kind":"evaluate","result":{"outcome":"refused","reason":"document_law","rule":"marker_span_touched","region":0,"law":"keep"}}
{"id":"AUDIT-INSERT-BEFORE-OPENER-LEGAL","kind":"evaluate","result":{"outcome":"applied"}}
{"id":"AUDIT-INSERT-INTO-OPENER-REFUSED","kind":"evaluate","result":{"outcome":"refused","reason":"document_law","rule":"marker_span_touched","region":0,"law":"keep"}}
{"id":"AUDIT-IDENTICAL-REWRITE-REFUSED","kind":"evaluate","result":{"outcome":"refused","reason":"document_law","rule":"marker_span_touched","region":0,"law":"keep"}}
{"id":"AUDIT-TWO-MARKERS-TOUCHED-FIRST-NAMED","kind":"evaluate","result":{"outcome":"refused","reason":"document_law","rule":"marker_span_touched","region":0,"law":"append"}}
{"id":"AUDIT-MULTISPLICE-MARKERS-DOCUMENT-ORDER","kind":"evaluate","result":{"outcome":"refused","reason":"document_law","rule":"marker_span_touched","region":0,"law":"append"}}
{"id":"AUDIT-AUTHORING-BYPASSES-ALL","kind":"evaluate","result":{"outcome":"applied"}}
{"id":"AUDIT-FAULTED-BEFORE-EMPTY-SPLICES-APPLIED","kind":"evaluate","result":{"outcome":"applied"}}
{"id":"AUDIT-FAULTED-BEFORE-WITH-SPLICE-REFUSED","kind":"evaluate","result":{"outcome":"refused","reason":"document_law","rule":"before_faulted","faults":[{"mode":"unpaired_marker","line":0,"byteSpan":[0,21]}]}}
{"id":"AUDIT-INVALID-UTF8-EVALUATE","kind":"evaluate","result":{"outcome":"refused","reason":"document_law","rule":"before_faulted","faults":[{"mode":"invalid_utf8","line":null,"byteSpan":[1,2]}]}}
{"id":"EVAL-INVALID-UTF8-INTRODUCED-BY-SPLICE","kind":"evaluate","result":{"outcome":"refused","reason":"document_law","rule":"result_faulted","faults":[{"mode":"invalid_utf8","line":null,"byteSpan":[21,22]}]}}
{"id":"EVAL-PRECOND-MALFORMED-SPLICE","kind":"evaluate","result":{"outcome":"invalid","reason":"precondition","rule":"malformed_splice"}}
{"id":"EVAL-PRECOND-MALFORMED-SPLICE-AUTHORING","kind":"evaluate","result":{"outcome":"invalid","reason":"precondition","rule":"malformed_splice"}}
{"id":"EVAL-PRECOND-SPLICES-NOT-A-LIST","kind":"evaluate","result":{"outcome":"invalid","reason":"precondition","rule":"malformed_splice"}}
{"id":"EVAL-PRECOND-OUT-OF-RANGE-SPLICE","kind":"evaluate","result":{"outcome":"invalid","reason":"precondition","rule":"out_of_range_splice"}}
{"id":"EVAL-PRECOND-OVERLAPPING-SPLICES","kind":"evaluate","result":{"outcome":"invalid","reason":"precondition","rule":"overlapping_splices"}}
{"id":"EVAL-PRECOND-SAME-OFFSET-SPLICES","kind":"evaluate","result":{"outcome":"invalid","reason":"precondition","rule":"overlapping_splices"}}
{"id":"EVAL-PRECOND-UNKNOWN-PATH","kind":"evaluate","result":{"outcome":"invalid","reason":"precondition","rule":"unknown_path"}}
{"id":"EVAL-NEAR-MISS-EDITED-INTO-MARKER-REFUSED","kind":"evaluate","result":{"outcome":"refused","reason":"document_law","rule":"marker_sequence_mismatch"}}
{"id":"EVAL-APPEND-EMPTY-REGION-GROWS","kind":"evaluate","result":{"outcome":"applied"}}
{"id":"AUDIT-BROAD-NARROW-PAIR-NARROW","kind":"evaluate","result":{"outcome":"applied"}}
{"id":"AUDIT-BROAD-NARROW-PAIR-BROAD","kind":"evaluate","result":{"outcome":"refused","reason":"document_law","rule":"marker_span_touched","region":0,"law":"keep"}}
{"id":"EVAL-PRECOND-INSERT-FALSE","kind":"evaluate","result":{"outcome":"invalid","reason":"precondition","rule":"malformed_splice"}}
{"id":"EVAL-PRECOND-INSERT-ZERO","kind":"evaluate","result":{"outcome":"invalid","reason":"precondition","rule":"malformed_splice"}}
{"id":"EVAL-PRECOND-INSERT-OBJECT","kind":"evaluate","result":{"outcome":"invalid","reason":"precondition","rule":"malformed_splice"}}
{"id":"EVAL-PRECOND-INSERT-MISSING","kind":"evaluate","result":{"outcome":"invalid","reason":"precondition","rule":"malformed_splice"}}
{"id":"EVAL-PRECOND-INSERT-NULL","kind":"evaluate","result":{"outcome":"invalid","reason":"precondition","rule":"malformed_splice"}}
{"id":"AUDIT-APPEND-CRLF-LASTLINE-APPLIED","kind":"evaluate","result":{"outcome":"applied"}}
{"id":"AUDIT-KEEP-CRLF-LASTLINE-REFUSED","kind":"evaluate","result":{"outcome":"refused","reason":"document_law","rule":"law_violated","region":0,"law":"keep"}}
{"id":"EVAL-UTF8-SPLICE-AFTER-MULTIBYTE-APPLIED","kind":"evaluate","result":{"outcome":"applied"}}
{"id":"EVAL-UTF8-SPLICE-AFTER-MULTIBYTE-MARKER-TOUCHED","kind":"evaluate","result":{"outcome":"refused","reason":"document_law","rule":"marker_span_touched","region":0,"law":"edit"}}
{"id":"EVAL-PRECOND-NULL-SPLICE-ELEMENT","kind":"evaluate","result":{"outcome":"invalid","reason":"precondition","rule":"malformed_splice"}}
{"id":"PARSE-FAULT-MISSING-LAW-WORD","kind":"parse","result":{"regions":[],"faults":[{"mode":"malformed_marker","line":0,"byteSpan":[0,20]},{"mode":"unpaired_marker","line":2,"byteSpan":[26,41]}],"faulted":true}}
{"id":"PARSE-FAULT-PRECEDENCE-VERSION-BARE","kind":"parse","result":{"regions":[],"faults":[{"mode":"unknown_version","line":0,"byteSpan":[0,16]},{"mode":"unpaired_marker","line":2,"byteSpan":[22,37]}],"faulted":true}}

## comparison
vectors through adapter: go exact vs expect 97/97; subset vs expect 97/97; go vs reference exact 0 disagreements
